// Jest Snapshot v1, https://goo.gl/fbAQLP

exports[`npmScript() versus empty package.json 1`] = `
Object {
  "scripts": Object {
    "flow": "flow check",
    "test": "npm run flow",
  },
}
`;
