// Jest Snapshot v1, https://goo.gl/fbAQLP

exports[`packageJSON() fresh 1`] = `
Object {
  "publishConfig": Object {
    "access": "public",
  },
}
`;
