// Jest Snapshot v1, https://goo.gl/fbAQLP

exports[`pruneCache({}, { hasYarn: false }) 1`] = `Object {}`;

exports[`pruneInstall({ ... }, { hasYarn: false }) 1`] = `Object {}`;

exports[`pruneInstall({ ... }, { hasYarn: true }) 1`] = `
Object {
  "install": Array [
    "npm install --global yarn",
  ],
}
`;

exports[`setOSMatrix({ ... }, { os: ["darwin", "win32", "!linux"] }) 1`] = `
Object {
  "matrix": Object {
    "include": Array [
      Object {
        "os": "osx",
        "osx_image": "xcode10.2",
      },
      Object {
        "os": "windows",
      },
    ],
  },
  "name": "strictly-darwin-win32",
}
`;

exports[`setOSMatrix({ ... }, { os: ["darwin", "win32"] }) 1`] = `
Object {
  "matrix": Object {
    "include": Array [
      Object {
        "os": "osx",
        "osx_image": "xcode10.2",
      },
      Object {
        "os": "windows",
      },
      Object {
        "os": "linux",
      },
    ],
  },
  "name": "darwin-win32",
}
`;

exports[`setOSMatrix({ ... }, { os: ["freebsd", "!linux"] }) 1`] = `
Object {
  "name": "strictly-freebsd",
}
`;

exports[`setOSMatrix({ ... }, { os: ["freebsd"] }) 1`] = `
Object {
  "name": "freebsd",
}
`;

exports[`setOSMatrix({ ... }, {}) 1`] = `
Object {
  "name": "no-explicit-os",
}
`;

exports[`updateNpm({}, { hasYarn: false }) 1`] = `
Object {
  "install": Array [
    "npm install --global npm",
  ],
}
`;

exports[`updateNpm({}, { hasYarn: true }) 1`] = `
Object {
  "install": Array [
    "npm install --global npm",
    "npm install --global yarn",
  ],
}
`;
